[general]
specification-format = 'protobuf'
specification-source = 'generator/testdata/googleapis/google/type'
service-config = ''
language = 'rust'
template-dir = 'generator/templates'

[source]
googleapis-root = 'generator/testdata/googleapis'

[codec]
copyright-year = '2024'
generate-module = 'true'
