[general]
specification-format = 'protobuf'
specification-source = 'generator/testdata/googleapis/google/iam/v1'
service-config = ''
language = 'rust'
template-dir = 'generator/templates'

[source]
googleapis-root = 'generator/testdata/googleapis'

[codec]
copyright-year = '2024'
package-name-override = 'iam-v1-golden-gclient'
'package:gax' = 'package=gax,path=gax,feature=sdk_client'
'package:google-cloud-auth' = 'package=google-cloud-auth,path=auth'
'package:gtype' = 'package=type-golden-gclient,path=generator/testdata/rust/gclient/golden/type,source=google.type'
'package:wkt' = 'package=gcp-sdk-wkt,path=src/wkt,source=google.protobuf'
