[package]
name = "type-golden-gclient"
version = "0.1.0"
edition = "2021"

[dependencies]
serde = { version = "1.0.214", features = ["serde_derive"] }
serde_with = "3.11.0"
serde_json = "1.0.132"
time = { version = "0.3.36", features = ["formatting", "parsing"] }
reqwest = { version = "0.12.9", features = ["json"] }
bytes = { version = "1.8.0", features = ["serde"] }
gax = { path = "../../../../../../gax", package = "gax" }
gax_placeholder = { path = "../../../../../../types", package = "types" }
