# Copyright 2024 Google LLC
#
# Licensed under the Apache License, Version 2.0 (the "License");
# you may not use this file except in compliance with the License.
# You may obtain a copy of the License at
#
#     https://www.apache.org/licenses/LICENSE-2.0
#
# Unless required by applicable law or agreed to in writing, software
# distributed under the License is distributed on an "AS IS" BASIS,
# WITHOUT WARRANTIES OR CONDITIONS OF ANY KIND, either express or implied.
# See the License for the specific language governing permissions and
# limitations under the License.

[general]
language = 'rust'
specification-format = 'protobuf'
specification-source = 'testdata/googleapis/google/cloud/secretmanager/v1'
service-config = 'testdata/googleapis/google/cloud/secretmanager/v1/secretmanager_v1.yaml'

[source]
googleapis-root = 'testdata/googleapis'

[codec]
copyright-year = '2024'
not-for-publication = 'true'
package-name-override = 'secretmanager-golden-protobuf'
'package:gax' = 'package=gcp-sdk-gax,path=../src/gax,feature=unstable-sdk-client'
'package:google-cloud-auth' = 'package=google-cloud-auth,path=../auth'
'package:iam' = 'package=iam-v1-golden-protobuf,path=testdata/rust/protobuf/golden/iam/v1,source=google.iam.v1'
'package:location' = 'package=location-golden-protobuf,path=testdata/rust/protobuf/golden/location,source=google.cloud.location'
'package:wkt' = 'package=gcp-sdk-wkt,path=../src/wkt,source=google.protobuf'
