# Copyright 2024 Google LLC
#
# Licensed under the Apache License, Version 2.0 (the "License");
# you may not use this file except in compliance with the License.
# You may obtain a copy of the License at
#
#     https://www.apache.org/licenses/LICENSE-2.0
#
# Unless required by applicable law or agreed to in writing, software
# distributed under the License is distributed on an "AS IS" BASIS,
# WITHOUT WARRANTIES OR CONDITIONS OF ANY KIND, either express or implied.
# See the License for the specific language governing permissions and
# limitations under the License.
#
# Code generated by sidekick. DO NOT EDIT.

[package]
name                 = "secretmanager-golden-protobuf"
version              = "0.0.0"
description          = "Google Cloud Client Libraries for Rust - Secret Manager API"
edition.workspace    = true
authors.workspace    = true
license.workspace    = true
repository.workspace = true
keywords.workspace   = true
categories.workspace = true
publish              = false

[dependencies]
iam        = { path = "../../../../../testdata/rust/protobuf/golden/iam/v1", package = "iam-v1-golden-protobuf" }
location   = { path = "../../../../../testdata/rust/protobuf/golden/location", package = "location-golden-protobuf" }
wkt        = { path = "../../../../../../src/wkt", package = "google-cloud-wkt" }

[features]
unstable-stream = ["gax/unstable-stream", "location/unstable-stream"]
