# Copyright 2024 Google LLC
#
#  Licensed under the Apache License, Version 2.0 (the "License");
#  you may not use this file except in compliance with the License.
#  You may obtain a copy of the License at
#
#      https://www.apache.org/licenses/LICENSE-2.0
#
#  Unless required by applicable law or agreed to in writing, software
#  distributed under the License is distributed on an "AS IS" BASIS,
#  WITHOUT WARRANTIES OR CONDITIONS OF ANY KIND, either express or implied.
#  See the License for the specific language governing permissions and
#  limitations under the License.

[general]
specification-format = 'protobuf'
specification-source = 'generator/testdata/googleapis/google/iam/v1'
service-config = ''
language = 'go'
template-dir = 'generator/templates'

[source]
googleapis-root = 'generator/testdata/googleapis'

[codec]
copyright-year = '2024'
go-package-name = 'iam'
'import-mapping:google.protobuf' = 'github.com/google-cloud-rust/generator/testdata/go/gclient/golden/wkt;wkt'
'import-mapping:google.type' = 'github.com/google-cloud-rust/generator/testdata/go/gclient/golden/typez;typez'
package-name-override = 'github.com/google-cloud-rust/generator/testdata/go/gclient/golden/iam/v1'
