[general]
specification-format = 'protobuf'
specification-source = 'generator/testdata/googleapis/google/rpc/error_details.proto'
service-config = 'generator/testdata/googleapis/google/rpc/rpc_publish.yaml'
language = 'rust'
template-dir = 'generator/templates'

[source]
googleapis-root = 'generator/testdata/googleapis'

[codec]
copyright-year = '2024'
generate-module = 'true'
'package:wkt' = 'package=gcp-sdk-wkt,path=src/wkt,source=google.protobuf'
